// Jest Snapshot v1, https://goo.gl/fbAQLP

exports[`test snapshot of Loading component should render the app when loading is false 1`] = `
<WithStyles(AppBar)
  className="appBar"
  position="fixed"
>
  <WithStyles(Button)
    onClick={[Function]}
  >
     Add Ticket 
  </WithStyles(Button)>
</WithStyles(AppBar)>
`;

exports[`test snapshot of Loading component should render the loading screen when loading is true 1`] = `
<WithStyles(AppBar)
  className="appBar"
  position="fixed"
>
  <WithStyles(Button)
    onClick={[Function]}
  >
     Add Ticket 
  </WithStyles(Button)>
</WithStyles(AppBar)>
`;
