// Jest Snapshot v1, https://goo.gl/fbAQLP

exports[`test snapshot of Loading component should render the app when loading is false 1`] = `
<WithStyles(AppBar)
  className="appBar"
  color="secondary"
  position="fixed"
>
  <WithStyles(Grid)
    container={true}
    style={
      Object {
        "height": "67px",
      }
    }
  >
    <WithStyles(Grid)
      className="center"
      item={true}
      style={
        Object {
          "cursor": "pointer",
          "margin": "auto",
          "width": "10%",
        }
      }
    >
      <img
        src="logo.png"
        style={
          Object {
            "height": "55px",
            "margin": "auto",
          }
        }
      />
    </WithStyles(Grid)>
    <WithStyles(Grid)
      item={true}
      style={
        Object {
          "width": "80%",
        }
      }
    >
      <WithStyles(Tabs)
        centered={true}
        indicatorColor="primary"
        onChange={[Function]}
        textColor="primary"
        value={null}
      >
        <WithStyles(Tab)
          disabled={true}
          label="Closed"
        />
        <WithStyles(Tab)
          disabled={true}
          label="Open"
        />
      </WithStyles(Tabs)>
    </WithStyles(Grid)>
    <WithStyles(Grid)
      className="center"
      item={true}
      onClick={[Function]}
      style={
        Object {
          "backgroundColor": "#00D036",
          "cursor": "pointer",
          "height": "67px",
          "width": "10%",
        }
      }
    >
      <WithStyles(Typography)
        style={
          Object {
            "color": "white",
            "fontSize": "17px",
            "fontWeight": "bold",
            "lineHeight": "47px",
          }
        }
      >
        + New Task
      </WithStyles(Typography)>
    </WithStyles(Grid)>
  </WithStyles(Grid)>
</WithStyles(AppBar)>
`;

exports[`test snapshot of Loading component should render the loading screen when loading is true 1`] = `
<WithStyles(AppBar)
  className="appBar"
  color="secondary"
  position="fixed"
>
  <WithStyles(Grid)
    container={true}
    style={
      Object {
        "height": "67px",
      }
    }
  >
    <WithStyles(Grid)
      className="center"
      item={true}
      style={
        Object {
          "cursor": "pointer",
          "margin": "auto",
          "width": "10%",
        }
      }
    >
      <img
        src="logo.png"
        style={
          Object {
            "height": "55px",
            "margin": "auto",
          }
        }
      />
    </WithStyles(Grid)>
    <WithStyles(Grid)
      item={true}
      style={
        Object {
          "width": "80%",
        }
      }
    >
      <WithStyles(Tabs)
        centered={true}
        indicatorColor="primary"
        onChange={[Function]}
        textColor="primary"
        value={null}
      >
        <WithStyles(Tab)
          disabled={true}
          label="Closed"
        />
        <WithStyles(Tab)
          disabled={true}
          label="Open"
        />
      </WithStyles(Tabs)>
    </WithStyles(Grid)>
    <WithStyles(Grid)
      className="center"
      item={true}
      onClick={[Function]}
      style={
        Object {
          "backgroundColor": "#00D036",
          "cursor": "pointer",
          "height": "67px",
          "width": "10%",
        }
      }
    >
      <WithStyles(Typography)
        style={
          Object {
            "color": "white",
            "fontSize": "17px",
            "fontWeight": "bold",
            "lineHeight": "47px",
          }
        }
      >
        + New Task
      </WithStyles(Typography)>
    </WithStyles(Grid)>
  </WithStyles(Grid)>
</WithStyles(AppBar)>
`;
