// Jest Snapshot v1, https://goo.gl/fbAQLP

exports[`test snapshot of Loading component should render the app when loading is false 1`] = `
<div>
  <Connect(AppBar) />
  <Routes />
</div>
`;

exports[`test snapshot of Loading component should render the loading screen when loading is true 1`] = `<div />`;
